AR transcoder_7segs behavioral C:/Users/samyb/Documents/CPE/Electronique/Projet1/chronoscore/transcoder_7segs.vhd sub00/vhpl21 1458831453
EN register_1b_r NULL C:/Users/samyb/Documents/CPE/Electronique/Projet1/chronoscore/register_1b_R.vhd sub00/vhpl00 1458824179
EN multiplexdata NULL C:/Users/samyb/Documents/CPE/Electronique/Projet1/chronoscore/multiplexData.vhd sub00/vhpl42 1458824195
EN display NULL C:/Users/samyb/Documents/CPE/Electronique/Projet1/chronoscore/display.vhd sub00/vhpl44 1458824197
AR register_8b behavioral C:/Users/samyb/Documents/CPE/Electronique/Projet1/chronoscore/register_8b.vhd sub00/vhpl23 1458824168
AR score behavioral C:/Users/samyb/Documents/CPE/Electronique/Projet1/chronoscore/score.vhd sub00/vhpl41 1458824194
AR tregister_1b behavioral C:/Users/samyb/Documents/CPE/Electronique/Projet1/chronoscore/Tregister_1b.vhd sub00/vhpl15 1458824160
AR display behavioral C:/Users/samyb/Documents/CPE/Electronique/Projet1/chronoscore/display.vhd sub00/vhpl45 1458824198
AR transcoder_2v4 behavioral C:/Users/samyb/Documents/CPE/Electronique/Projet1/chronoscore/transcoder_2v4.vhd sub00/vhpl11 1458831275
EN transcoder_7segs NULL C:/Users/samyb/Documents/CPE/Electronique/Projet1/chronoscore/transcoder_7segs.vhd sub00/vhpl20 1458831452
EN register_1b NULL C:/Users/samyb/Documents/CPE/Electronique/Projet1/chronoscore/register_1b.vhd sub00/vhpl30 1458824175
EN dll NULL C:/Users/samyb/Documents/CPE/Electronique/Projet1/chronoscore/DLL.vhd sub00/vhpl32 1458824183
AR mux_4x1x4b behavioral C:/Users/samyb/Documents/CPE/Electronique/Projet1/chronoscore/mux_4x1x4b.vhd sub00/vhpl19 1458824164
AR mux_4x1x1b behavioral C:/Users/samyb/Documents/CPE/Electronique/Projet1/chronoscore/mux_4x1x1b.vhd sub00/vhpl17 1458824162
EN counterdec_4b_re NULL C:/Users/samyb/Documents/CPE/Electronique/Projet1/chronoscore/counterDec_4b_RE.vhd sub00/vhpl02 1458824177
EN countersen_4b_re NULL C:/Users/samyb/Documents/CPE/Electronique/Projet1/chronoscore/counterSen_4b_RE.vhd sub00/vhpl04 1458829732
EN freqgen_4b_e NULL C:/Users/samyb/Documents/CPE/Electronique/Projet1/chronoscore/freqgen_4b_E.vhd sub00/vhpl24 1458830035
EN chronoscore NULL C:/Users/samyb/Documents/CPE/Electronique/Projet1/chronoscore/chronoscore.vhd sub00/vhpl46 1458824199
EN timer_1ms NULL C:/Users/samyb/Documents/CPE/Electronique/Projet1/chronoscore/timer_1ms.vhd sub00/vhpl36 1458824187
AR timer_1ms behavioral C:/Users/samyb/Documents/CPE/Electronique/Projet1/chronoscore/timer_1ms.vhd sub00/vhpl37 1458824188
EN register_4b NULL C:/Users/samyb/Documents/CPE/Electronique/Projet1/chronoscore/register_4b.vhd sub00/vhpl12 1458824157
EN tregister_1b NULL C:/Users/samyb/Documents/CPE/Electronique/Projet1/chronoscore/Tregister_1b.vhd sub00/vhpl14 1458824159
EN score NULL C:/Users/samyb/Documents/CPE/Electronique/Projet1/chronoscore/score.vhd sub00/vhpl40 1458824193
AR counter_2b_e behavioral C:/Users/samyb/Documents/CPE/Electronique/Projet1/chronoscore/counter_2b_E.vhd sub00/vhpl09 1458824154
EN register_8b NULL C:/Users/samyb/Documents/CPE/Electronique/Projet1/chronoscore/register_8b.vhd sub00/vhpl22 1458824167
EN mux_2x1x4b NULL C:/Users/samyb/Documents/CPE/Electronique/Projet1/chronoscore/mux_2x1x4b.vhd sub00/vhpl26 1458830112
AR counterdec_4b_re behavioral C:/Users/samyb/Documents/CPE/Electronique/Projet1/chronoscore/counterDec_4b_RE.vhd sub00/vhpl03 1458824178
AR countersen_4b_re behavioral C:/Users/samyb/Documents/CPE/Electronique/Projet1/chronoscore/counterSen_4b_RE.vhd sub00/vhpl05 1458829733
AR dll behavioral C:/Users/samyb/Documents/CPE/Electronique/Projet1/chronoscore/DLL.vhd sub00/vhpl33 1458824184
EN chronometer NULL C:/Users/samyb/Documents/CPE/Electronique/Projet1/chronoscore/chronometer.vhd sub00/vhpl06 1458824191
EN timer_1s NULL C:/Users/samyb/Documents/CPE/Electronique/Projet1/chronoscore/timer_1s.vhd sub00/vhpl34 1458824185
EN counter_2b_e NULL C:/Users/samyb/Documents/CPE/Electronique/Projet1/chronoscore/counter_2b_E.vhd sub00/vhpl08 1458824153
AR register_1b_e behavioral C:/Users/samyb/Documents/CPE/Electronique/Projet1/chronoscore/register_1b_E.vhd sub00/vhpl29 1458824174
AR timegenerator behavioral C:/Users/samyb/Documents/CPE/Electronique/Projet1/chronoscore/timeGenerator.vhd sub00/vhpl39 1458824190
AR register_4b behavioral C:/Users/samyb/Documents/CPE/Electronique/Projet1/chronoscore/register_4b.vhd sub00/vhpl13 1458824158
AR register_1b behavioral C:/Users/samyb/Documents/CPE/Electronique/Projet1/chronoscore/register_1b.vhd sub00/vhpl31 1458824176
AR register_1b_r behavioral C:/Users/samyb/Documents/CPE/Electronique/Projet1/chronoscore/register_1b_R.vhd sub00/vhpl01 1458824180
AR multiplexdata behavioral C:/Users/samyb/Documents/CPE/Electronique/Projet1/chronoscore/multiplexData.vhd sub00/vhpl43 1458824196
AR chronometer behavioral C:/Users/samyb/Documents/CPE/Electronique/Projet1/chronoscore/chronometer.vhd sub00/vhpl07 1458824192
AR timer_1s behavioral C:/Users/samyb/Documents/CPE/Electronique/Projet1/chronoscore/timer_1s.vhd sub00/vhpl35 1458824186
EN mux_4x1x1b NULL C:/Users/samyb/Documents/CPE/Electronique/Projet1/chronoscore/mux_4x1x1b.vhd sub00/vhpl16 1458824161
AR mux_2x1x4b behavioral C:/Users/samyb/Documents/CPE/Electronique/Projet1/chronoscore/mux_2x1x4b.vhd sub00/vhpl27 1458830113
EN mux_4x1x4b NULL C:/Users/samyb/Documents/CPE/Electronique/Projet1/chronoscore/mux_4x1x4b.vhd sub00/vhpl18 1458824163
AR chronoscore behavioral C:/Users/samyb/Documents/CPE/Electronique/Projet1/chronoscore/chronoscore.vhd sub00/vhpl47 1458824200
AR freqgen_4b_e behavioral C:/Users/samyb/Documents/CPE/Electronique/Projet1/chronoscore/freqgen_4b_E.vhd sub00/vhpl25 1458830036
EN transcoder_2v4 NULL C:/Users/samyb/Documents/CPE/Electronique/Projet1/chronoscore/transcoder_2v4.vhd sub00/vhpl10 1458831274
EN timegenerator NULL C:/Users/samyb/Documents/CPE/Electronique/Projet1/chronoscore/timeGenerator.vhd sub00/vhpl38 1458824189
EN register_1b_e NULL C:/Users/samyb/Documents/CPE/Electronique/Projet1/chronoscore/register_1b_E.vhd sub00/vhpl28 1458824173
