V3 126
FL "C:/CPE_users/TP_ELN2/Groupe D/BELALOUI-CHAVRET/Projet1/chronoscore/chronometer.vhd" 2016/03/15.11:27:11 P.20131013
FL "C:/CPE_users/TP_ELN2/Groupe D/BELALOUI-CHAVRET/Projet1/chronoscore/chronoscore.vhd" 2016/03/15.11:42:29 P.20131013
FL "C:/CPE_users/TP_ELN2/Groupe D/BELALOUI-CHAVRET/Projet1/chronoscore/counterDec_4b_RE.vhd" 2016/03/15.11:14:51 P.20131013
FL "C:/CPE_users/TP_ELN2/Groupe D/BELALOUI-CHAVRET/Projet1/chronoscore/counterSen_4b_RE.vhd" 2016/03/15.10:50:59 P.20131013
FL "C:/CPE_users/TP_ELN2/Groupe D/BELALOUI-CHAVRET/Projet1/chronoscore/counter_2b_E.vhd" 2016/02/26.00:11:14 P.20131013
FL "C:/CPE_users/TP_ELN2/Groupe D/BELALOUI-CHAVRET/Projet1/chronoscore/display.vhd" 2016/03/15.11:41:54 P.20131013
FL "C:/CPE_users/TP_ELN2/Groupe D/BELALOUI-CHAVRET/Projet1/chronoscore/DLL.vhd" 2016/03/15.08:14:37 P.20131013
FL "C:/CPE_users/TP_ELN2/Groupe D/BELALOUI-CHAVRET/Projet1/chronoscore/freqgen_4b_E.vhd" 2016/02/26.02:46:58 P.20131013
FL "C:/CPE_users/TP_ELN2/Groupe D/BELALOUI-CHAVRET/Projet1/chronoscore/multiplexData.vhd" 2016/02/26.16:25:08 P.20131013
FL "C:/CPE_users/TP_ELN2/Groupe D/BELALOUI-CHAVRET/Projet1/chronoscore/mux_2x1x4b.vhd" 2016/02/26.01:20:12 P.20131013
FL "C:/CPE_users/TP_ELN2/Groupe D/BELALOUI-CHAVRET/Projet1/chronoscore/mux_4x1x1b.vhd" 2016/02/25.16:08:30 P.20131013
FL "C:/CPE_users/TP_ELN2/Groupe D/BELALOUI-CHAVRET/Projet1/chronoscore/mux_4x1x4b.vhd" 2016/02/16.11:50:30 P.20131013
FL "C:/CPE_users/TP_ELN2/Groupe D/BELALOUI-CHAVRET/Projet1/chronoscore/register_1b.vhd" 2016/02/26.20:45:52 P.20131013
FL "C:/CPE_users/TP_ELN2/Groupe D/BELALOUI-CHAVRET/Projet1/chronoscore/register_1b_E.vhd" 2016/02/26.20:56:16 P.20131013
FL "C:/CPE_users/TP_ELN2/Groupe D/BELALOUI-CHAVRET/Projet1/chronoscore/register_1b_R.vhd" 2016/02/26.21:32:52 P.20131013
FL "C:/CPE_users/TP_ELN2/Groupe D/BELALOUI-CHAVRET/Projet1/chronoscore/register_4b.vhd" 2016/02/25.22:16:36 P.20131013
FL "C:/CPE_users/TP_ELN2/Groupe D/BELALOUI-CHAVRET/Projet1/chronoscore/register_8b.vhd" 2016/02/25.22:38:14 P.20131013
FL "C:/CPE_users/TP_ELN2/Groupe D/BELALOUI-CHAVRET/Projet1/chronoscore/score.vhd" 2016/03/15.09:00:25 P.20131013
FL "C:/CPE_users/TP_ELN2/Groupe D/BELALOUI-CHAVRET/Projet1/chronoscore/timeGenerator.vhd" 2016/03/15.08:13:42 P.20131013
FL "C:/CPE_users/TP_ELN2/Groupe D/BELALOUI-CHAVRET/Projet1/chronoscore/timer_1ms.vhd" 2016/03/15.12:08:30 P.20131013
FL "C:/CPE_users/TP_ELN2/Groupe D/BELALOUI-CHAVRET/Projet1/chronoscore/timer_1s.vhd" 2016/03/15.12:08:23 P.20131013
FL "C:/CPE_users/TP_ELN2/Groupe D/BELALOUI-CHAVRET/Projet1/chronoscore/transcoder_2v4.vhd" 2016/02/25.16:04:32 P.20131013
FL "C:/CPE_users/TP_ELN2/Groupe D/BELALOUI-CHAVRET/Projet1/chronoscore/transcoder_7segs.vhd" 2016/02/25.20:44:54 P.20131013
FL "C:/CPE_users/TP_ELN2/Groupe D/BELALOUI-CHAVRET/Projet1/chronoscore/Tregister_1b.vhd" 2016/02/25.23:40:44 P.20131013
FL C:/Users/samyb/Documents/CPE/Electronique/Projet1/chronoscore/chronometer.vhd 2016/03/15.11:27:12 P.20131013
EN work/chronometer 1458824191 \
      FL C:/Users/samyb/Documents/CPE/Electronique/Projet1/chronoscore/chronometer.vhd \
      PB ieee/std_logic_1164 1370735607 PB ieee/STD_LOGIC_UNSIGNED 1370735609
AR work/chronometer/Behavioral 1458824192 \
      FL C:/Users/samyb/Documents/CPE/Electronique/Projet1/chronoscore/chronometer.vhd \
      EN work/chronometer 1458824191 CP or_out CP equ45 CP CE_time45min \
      CP register_1b_R CP counterDec_4b_RE CP counterSen_4b_RE
FL C:/Users/samyb/Documents/CPE/Electronique/Projet1/chronoscore/chronoscore.vhd 2016/03/15.11:42:30 P.20131013
EN work/chronoscore 1458824199 \
      FL C:/Users/samyb/Documents/CPE/Electronique/Projet1/chronoscore/chronoscore.vhd \
      PB ieee/std_logic_1164 1370735607
AR work/chronoscore/Behavioral 1458824200 \
      FL C:/Users/samyb/Documents/CPE/Electronique/Projet1/chronoscore/chronoscore.vhd \
      EN work/chronoscore 1458824199 CP timeGenerator CP chronometer CP score \
      CP multiplexData CP display
FL C:/Users/samyb/Documents/CPE/Electronique/Projet1/chronoscore/counterDec_4b_RE.vhd 2016/03/15.11:14:52 P.20131013
EN work/counterDec_4b_RE 1458824177 \
      FL C:/Users/samyb/Documents/CPE/Electronique/Projet1/chronoscore/counterDec_4b_RE.vhd \
      PB ieee/std_logic_1164 1370735607 PB ieee/STD_LOGIC_UNSIGNED 1370735609
AR work/counterDec_4b_RE/Behavioral 1458824178 \
      FL C:/Users/samyb/Documents/CPE/Electronique/Projet1/chronoscore/counterDec_4b_RE.vhd \
      EN work/counterDec_4b_RE 1458824177
FL C:/Users/samyb/Documents/CPE/Electronique/Projet1/chronoscore/counterSen_4b_RE.vhd 2016/03/15.10:51:00 P.20131013
EN work/counterSen_4b_RE 1458829732 \
      FL C:/Users/samyb/Documents/CPE/Electronique/Projet1/chronoscore/counterSen_4b_RE.vhd \
      PB ieee/std_logic_1164 1370735607 PB ieee/STD_LOGIC_UNSIGNED 1370735609
AR work/counterSen_4b_RE/Behavioral 1458829733 \
      FL C:/Users/samyb/Documents/CPE/Electronique/Projet1/chronoscore/counterSen_4b_RE.vhd \
      EN work/counterSen_4b_RE 1458829732
FL C:/Users/samyb/Documents/CPE/Electronique/Projet1/chronoscore/counter_2b_E.vhd 2016/02/26.00:11:14 P.20131013
EN work/counter_2b_E 1458824153 \
      FL C:/Users/samyb/Documents/CPE/Electronique/Projet1/chronoscore/counter_2b_E.vhd \
      PB ieee/std_logic_1164 1370735607 PB ieee/STD_LOGIC_UNSIGNED 1370735609
AR work/counter_2b_E/Behavioral 1458824154 \
      FL C:/Users/samyb/Documents/CPE/Electronique/Projet1/chronoscore/counter_2b_E.vhd \
      EN work/counter_2b_E 1458824153
FL C:/Users/samyb/Documents/CPE/Electronique/Projet1/chronoscore/display.vhd 2016/03/15.11:41:56 P.20131013
EN work/display 1458824197 \
      FL C:/Users/samyb/Documents/CPE/Electronique/Projet1/chronoscore/display.vhd \
      PB ieee/std_logic_1164 1370735607
AR work/display/Behavioral 1458824198 \
      FL C:/Users/samyb/Documents/CPE/Electronique/Projet1/chronoscore/display.vhd \
      EN work/display 1458824197 CP counter_2b_E CP transcoder_2v4 CP register_4b \
      CP Tregister_1b CP mux_4x1x1b CP mux_4x1x4b CP transcoder_7segs CP register_8b
FL C:/Users/samyb/Documents/CPE/Electronique/Projet1/chronoscore/DLL.vhd 2016/03/15.08:14:38 P.20131013
EN work/DLL 1458824183 \
      FL C:/Users/samyb/Documents/CPE/Electronique/Projet1/chronoscore/DLL.vhd \
      PB ieee/std_logic_1164 1370735607 LB UNISIM PH unisim/VCOMPONENTS 1370735613
AR work/DLL/Behavioral 1458824184 \
      FL C:/Users/samyb/Documents/CPE/Electronique/Projet1/chronoscore/DLL.vhd \
      EN work/DLL 1458824183 CP IBUFG CP DCM CP BUFG
FL C:/Users/samyb/Documents/CPE/Electronique/Projet1/chronoscore/freqgen_4b_E.vhd 2016/02/26.02:46:58 P.20131013
EN work/freqgen_4b_E 1458830035 \
      FL C:/Users/samyb/Documents/CPE/Electronique/Projet1/chronoscore/freqgen_4b_E.vhd \
      PB ieee/std_logic_1164 1370735607 PB ieee/STD_LOGIC_UNSIGNED 1370735609
AR work/freqgen_4b_E/Behavioral 1458830036 \
      FL C:/Users/samyb/Documents/CPE/Electronique/Projet1/chronoscore/freqgen_4b_E.vhd \
      EN work/freqgen_4b_E 1458830035
FL C:/Users/samyb/Documents/CPE/Electronique/Projet1/chronoscore/multiplexData.vhd 2016/02/26.16:25:08 P.20131013
EN work/multiplexData 1458824195 \
      FL C:/Users/samyb/Documents/CPE/Electronique/Projet1/chronoscore/multiplexData.vhd \
      PB ieee/std_logic_1164 1370735607
AR work/multiplexData/Behavioral 1458824196 \
      FL C:/Users/samyb/Documents/CPE/Electronique/Projet1/chronoscore/multiplexData.vhd \
      EN work/multiplexData 1458824195 CP freqgen_4b_E CP mux_2x1x4b
FL C:/Users/samyb/Documents/CPE/Electronique/Projet1/chronoscore/mux_2x1x4b.vhd 2016/02/26.01:20:12 P.20131013
EN work/mux_2x1x4b 1458830112 \
      FL C:/Users/samyb/Documents/CPE/Electronique/Projet1/chronoscore/mux_2x1x4b.vhd \
      PB ieee/std_logic_1164 1370735607
AR work/mux_2x1x4b/Behavioral 1458830113 \
      FL C:/Users/samyb/Documents/CPE/Electronique/Projet1/chronoscore/mux_2x1x4b.vhd \
      EN work/mux_2x1x4b 1458830112
FL C:/Users/samyb/Documents/CPE/Electronique/Projet1/chronoscore/mux_4x1x1b.vhd 2016/02/25.16:08:30 P.20131013
EN work/mux_4x1x1b 1458824161 \
      FL C:/Users/samyb/Documents/CPE/Electronique/Projet1/chronoscore/mux_4x1x1b.vhd \
      PB ieee/std_logic_1164 1370735607
AR work/mux_4x1x1b/Behavioral 1458824162 \
      FL C:/Users/samyb/Documents/CPE/Electronique/Projet1/chronoscore/mux_4x1x1b.vhd \
      EN work/mux_4x1x1b 1458824161
FL C:/Users/samyb/Documents/CPE/Electronique/Projet1/chronoscore/mux_4x1x4b.vhd 2016/02/16.11:50:30 P.20131013
EN work/mux_4x1x4b 1458824163 \
      FL C:/Users/samyb/Documents/CPE/Electronique/Projet1/chronoscore/mux_4x1x4b.vhd \
      PB ieee/std_logic_1164 1370735607
AR work/mux_4x1x4b/Behavioral 1458824164 \
      FL C:/Users/samyb/Documents/CPE/Electronique/Projet1/chronoscore/mux_4x1x4b.vhd \
      EN work/mux_4x1x4b 1458824163
FL C:/Users/samyb/Documents/CPE/Electronique/Projet1/chronoscore/register_1b.vhd 2016/02/26.20:45:52 P.20131013
EN work/register_1b 1458824175 \
      FL C:/Users/samyb/Documents/CPE/Electronique/Projet1/chronoscore/register_1b.vhd \
      PB ieee/std_logic_1164 1370735607
AR work/register_1b/Behavioral 1458824176 \
      FL C:/Users/samyb/Documents/CPE/Electronique/Projet1/chronoscore/register_1b.vhd \
      EN work/register_1b 1458824175
FL C:/Users/samyb/Documents/CPE/Electronique/Projet1/chronoscore/register_1b_E.vhd 2016/02/26.20:56:16 P.20131013
EN work/register_1b_E 1458824173 \
      FL C:/Users/samyb/Documents/CPE/Electronique/Projet1/chronoscore/register_1b_E.vhd \
      PB ieee/std_logic_1164 1370735607
AR work/register_1b_E/Behavioral 1458824174 \
      FL C:/Users/samyb/Documents/CPE/Electronique/Projet1/chronoscore/register_1b_E.vhd \
      EN work/register_1b_E 1458824173
FL C:/Users/samyb/Documents/CPE/Electronique/Projet1/chronoscore/register_1b_R.vhd 2016/02/26.21:32:52 P.20131013
EN work/register_1b_R 1458824179 \
      FL C:/Users/samyb/Documents/CPE/Electronique/Projet1/chronoscore/register_1b_R.vhd \
      PB ieee/std_logic_1164 1370735607
AR work/register_1b_R/Behavioral 1458824180 \
      FL C:/Users/samyb/Documents/CPE/Electronique/Projet1/chronoscore/register_1b_R.vhd \
      EN work/register_1b_R 1458824179
FL C:/Users/samyb/Documents/CPE/Electronique/Projet1/chronoscore/register_4b.vhd 2016/02/25.22:16:36 P.20131013
EN work/register_4b 1458824157 \
      FL C:/Users/samyb/Documents/CPE/Electronique/Projet1/chronoscore/register_4b.vhd \
      PB ieee/std_logic_1164 1370735607
AR work/register_4b/Behavioral 1458824158 \
      FL C:/Users/samyb/Documents/CPE/Electronique/Projet1/chronoscore/register_4b.vhd \
      EN work/register_4b 1458824157
FL C:/Users/samyb/Documents/CPE/Electronique/Projet1/chronoscore/register_8b.vhd 2016/02/25.22:38:14 P.20131013
EN work/register_8b 1458824167 \
      FL C:/Users/samyb/Documents/CPE/Electronique/Projet1/chronoscore/register_8b.vhd \
      PB ieee/std_logic_1164 1370735607
AR work/register_8b/Behavioral 1458824168 \
      FL C:/Users/samyb/Documents/CPE/Electronique/Projet1/chronoscore/register_8b.vhd \
      EN work/register_8b 1458824167
FL C:/Users/samyb/Documents/CPE/Electronique/Projet1/chronoscore/score.vhd 2016/03/15.09:00:26 P.20131013
EN work/score 1458824193 \
      FL C:/Users/samyb/Documents/CPE/Electronique/Projet1/chronoscore/score.vhd \
      PB ieee/std_logic_1164 1370735607
AR work/score/Behavioral 1458824194 \
      FL C:/Users/samyb/Documents/CPE/Electronique/Projet1/chronoscore/score.vhd \
      EN work/score 1458824193 CP register_1b_E CP register_1b CP counterDec_4b_RE
FL C:/Users/samyb/Documents/CPE/Electronique/Projet1/chronoscore/timeGenerator.vhd 2016/03/15.08:13:44 P.20131013
EN work/timeGenerator 1458824189 \
      FL C:/Users/samyb/Documents/CPE/Electronique/Projet1/chronoscore/timeGenerator.vhd \
      PB ieee/std_logic_1164 1370735607
AR work/timeGenerator/Behavioral 1458824190 \
      FL C:/Users/samyb/Documents/CPE/Electronique/Projet1/chronoscore/timeGenerator.vhd \
      EN work/timeGenerator 1458824189 CP DLL CP timer_1s CP timer_1ms
FL C:/Users/samyb/Documents/CPE/Electronique/Projet1/chronoscore/timer_1ms.vhd 2016/03/15.12:08:32 P.20131013
EN work/timer_1ms 1458824187 \
      FL C:/Users/samyb/Documents/CPE/Electronique/Projet1/chronoscore/timer_1ms.vhd \
      PB ieee/std_logic_1164 1370735607 PB ieee/std_logic_arith 1370735608 \
      PB ieee/STD_LOGIC_UNSIGNED 1370735609
AR work/timer_1ms/Behavioral 1458824188 \
      FL C:/Users/samyb/Documents/CPE/Electronique/Projet1/chronoscore/timer_1ms.vhd \
      EN work/timer_1ms 1458824187
FL C:/Users/samyb/Documents/CPE/Electronique/Projet1/chronoscore/timer_1s.vhd 2016/03/15.12:08:24 P.20131013
EN work/timer_1s 1458824185 \
      FL C:/Users/samyb/Documents/CPE/Electronique/Projet1/chronoscore/timer_1s.vhd \
      PB ieee/std_logic_1164 1370735607 PB ieee/std_logic_arith 1370735608 \
      PB ieee/STD_LOGIC_UNSIGNED 1370735609
AR work/timer_1s/Behavioral 1458824186 \
      FL C:/Users/samyb/Documents/CPE/Electronique/Projet1/chronoscore/timer_1s.vhd \
      EN work/timer_1s 1458824185
FL C:/Users/samyb/Documents/CPE/Electronique/Projet1/chronoscore/transcoder_2v4.vhd 2016/02/25.16:04:32 P.20131013
EN work/transcoder_2v4 1458831274 \
      FL C:/Users/samyb/Documents/CPE/Electronique/Projet1/chronoscore/transcoder_2v4.vhd \
      PB ieee/std_logic_1164 1370735607
AR work/transcoder_2v4/Behavioral 1458831275 \
      FL C:/Users/samyb/Documents/CPE/Electronique/Projet1/chronoscore/transcoder_2v4.vhd \
      EN work/transcoder_2v4 1458831274
FL C:/Users/samyb/Documents/CPE/Electronique/Projet1/chronoscore/transcoder_7segs.vhd 2016/02/25.20:44:54 P.20131013
EN work/transcoder_7segs 1458831452 \
      FL C:/Users/samyb/Documents/CPE/Electronique/Projet1/chronoscore/transcoder_7segs.vhd \
      PB ieee/std_logic_1164 1370735607
AR work/transcoder_7segs/Behavioral 1458831453 \
      FL C:/Users/samyb/Documents/CPE/Electronique/Projet1/chronoscore/transcoder_7segs.vhd \
      EN work/transcoder_7segs 1458831452
FL C:/Users/samyb/Documents/CPE/Electronique/Projet1/chronoscore/Tregister_1b.vhd 2016/02/25.23:40:44 P.20131013
EN work/Tregister_1b 1458824159 \
      FL C:/Users/samyb/Documents/CPE/Electronique/Projet1/chronoscore/Tregister_1b.vhd \
      PB ieee/std_logic_1164 1370735607
AR work/Tregister_1b/Behavioral 1458824160 \
      FL C:/Users/samyb/Documents/CPE/Electronique/Projet1/chronoscore/Tregister_1b.vhd \
      EN work/Tregister_1b 1458824159
